// Jest Snapshot v1, https://goo.gl/fbAQLP

exports[`Validator class can validate data 1`] = `undefined`;
